[     106ms] [LOG] [Fast Refresh] rebuilding @ http://localhost:3100/_next/static/chunks/node_modules_next_dist_f3530cac._.js:2297
[     562ms] [LOG] [Fast Refresh] done in 557ms @ http://localhost:3100/_next/static/chunks/node_modules_next_dist_f3530cac._.js:2297
[     575ms] [ERROR] Loading the script 'https://www.googletagmanager.com/gtag/js?id=G-TM3EF04Z22' violates the following Content Security Policy directive: "script-src 'self' 'unsafe-eval' 'unsafe-inline'". Note that 'script-src-elem' was not explicitly set, so 'script-src' is used as a fallback. The action has been blocked. @ http://localhost:3100/mypage:0
[     612ms] [INFO] %cDownload the React DevTools for a better development experience: https://react.dev/link/react-devtools font-weight:bold @ http://localhost:3100/_next/static/chunks/node_modules_next_dist_f3530cac._.js:2297
[     635ms] [LOG] [HMR] connected @ http://localhost:3100/_next/static/chunks/node_modules_next_dist_f3530cac._.js:2297
[     641ms] [ERROR] Loading the script 'https://www.googletagmanager.com/gtag/js?id=G-TM3EF04Z22' violates the following Content Security Policy directive: "script-src 'self' 'unsafe-eval' 'unsafe-inline'". Note that 'script-src-elem' was not explicitly set, so 'script-src' is used as a fallback. The action has been blocked. @ http://localhost:3100/_next/static/chunks/_cb7e828d._.js:2214
[     838ms] [LOG] [Fast Refresh] rebuilding @ http://localhost:3100/_next/static/chunks/node_modules_next_dist_f3530cac._.js:2297
[     848ms] [LOG] [Fast Refresh] done in 123ms @ http://localhost:3100/_next/static/chunks/node_modules_next_dist_f3530cac._.js:2297
[     848ms] [VERBOSE] [DOM] Input elements should have autocomplete attributes (suggested: "current-password"): (More info: https://goo.gl/9p2vKq) %o @ http://localhost:3100/login:0
[    1065ms] [WARNING] THREE.THREE.Clock: This module has been deprecated. Please use THREE.Timer instead. @ http://localhost:3100/_next/static/chunks/node_modules_next_dist_f3530cac._.js:2297
[    1106ms] [WARNING] THREE.THREE.Clock: This module has been deprecated. Please use THREE.Timer instead. @ http://localhost:3100/_next/static/chunks/node_modules_next_dist_f3530cac._.js:2297
[  150452ms] [ERROR] WebSocket connection to 'ws://localhost:3100/_next/webpack-hmr?id=xrhqORlZKad6Dtm-zMRno' failed: Error in connection establishment: net::ERR_CONNECTION_REFUSED @ http://localhost:3100/_next/static/chunks/node_modules_next_dist_client_17643121._.js:10878
[  151454ms] [ERROR] WebSocket connection to 'ws://localhost:3100/_next/webpack-hmr?id=xrhqORlZKad6Dtm-zMRno' failed: Error in connection establishment: net::ERR_CONNECTION_REFUSED @ http://localhost:3100/_next/static/chunks/node_modules_next_dist_client_17643121._.js:10878
[  152456ms] [ERROR] WebSocket connection to 'ws://localhost:3100/_next/webpack-hmr?id=xrhqORlZKad6Dtm-zMRno' failed: Error in connection establishment: net::ERR_CONNECTION_REFUSED @ http://localhost:3100/_next/static/chunks/node_modules_next_dist_client_17643121._.js:10878
[  153458ms] [ERROR] WebSocket connection to 'ws://localhost:3100/_next/webpack-hmr?id=xrhqORlZKad6Dtm-zMRno' failed: Error in connection establishment: net::ERR_CONNECTION_REFUSED @ http://localhost:3100/_next/static/chunks/node_modules_next_dist_client_17643121._.js:10878
[  154847ms] [LOG] [HMR] connected @ http://localhost:3100/_next/static/chunks/node_modules_next_dist_f3530cac._.js:2297
[  155274ms] [ERROR] Loading the script 'https://www.googletagmanager.com/gtag/js?id=G-TM3EF04Z22' violates the following Content Security Policy directive: "script-src 'self' 'unsafe-eval' 'unsafe-inline'". Note that 'script-src-elem' was not explicitly set, so 'script-src' is used as a fallback. The action has been blocked. @ http://localhost:3100/login:0
[  155322ms] [VERBOSE] [DOM] Input elements should have autocomplete attributes (suggested: "current-password"): (More info: https://goo.gl/9p2vKq) %o @ http://localhost:3100/login:0
[  155329ms] [INFO] %cDownload the React DevTools for a better development experience: https://react.dev/link/react-devtools font-weight:bold @ http://localhost:3100/_next/static/chunks/node_modules_next_dist_f3530cac._.js:2297
[  155350ms] [LOG] [HMR] connected @ http://localhost:3100/_next/static/chunks/node_modules_next_dist_f3530cac._.js:2297
[  155358ms] [ERROR] Loading the script 'https://www.googletagmanager.com/gtag/js?id=G-TM3EF04Z22' violates the following Content Security Policy directive: "script-src 'self' 'unsafe-eval' 'unsafe-inline'". Note that 'script-src-elem' was not explicitly set, so 'script-src' is used as a fallback. The action has been blocked. @ http://localhost:3100/_next/static/chunks/_cb7e828d._.js:2214
[  155462ms] [LOG] [Fast Refresh] rebuilding @ http://localhost:3100/_next/static/chunks/node_modules_next_dist_f3530cac._.js:2297
[  155939ms] [LOG] [Fast Refresh] done in 578ms @ http://localhost:3100/_next/static/chunks/node_modules_next_dist_f3530cac._.js:2297
[  155991ms] [WARNING] THREE.THREE.Clock: This module has been deprecated. Please use THREE.Timer instead. @ http://localhost:3100/_next/static/chunks/node_modules_next_dist_f3530cac._.js:2297
[  156014ms] [WARNING] THREE.THREE.Clock: This module has been deprecated. Please use THREE.Timer instead. @ http://localhost:3100/_next/static/chunks/node_modules_next_dist_f3530cac._.js:2297
